// Jest Snapshot v1, https://goo.gl/fbAQLP

exports[`Similar entity Card should render without any error Similar entity Card should render correctly 1`] = `
<div
  className="SimilarEntityCardContainer"
  style={
    Object {
      "left": "0vw",
      "top": "0vh",
    }
  }
>
  <div>
    <p
      className="SimilarEntityCardContainerHeading"
    >
      Similar Entities
    </p>
  </div>
  <div
    className="PointerWhenOnHover"
  >
    <p
      className="SimilarEntityViewAll"
    >
      View all
    </p>
  </div>
  <div
    className="Left30pxSpace"
  />
  <div
    className="Right30pxSpace"
  />
  <div
    className="row_entities"
    onScroll={[Function]}
  >
    <div
      className="ExtraSpace1"
    >
      <div
        className="ExtraSpace2"
      />
    </div>
    <div
      className="wrap"
      key="0"
    >
      <div
        className="entity_card"
      >
        <div>
          <img
            alt="Entity"
            className="similarEntityImage"
            src="India.png"
          />
        </div>
        <div>
          <p
            className="similarEntityName"
          >
            India
          </p>
        </div>
        <div
          className="PointerWhenOnHover similarIsfollowing"
        >
          <RectangleButton
            bordered={true}
            disabled={false}
            filled={false}
            fontSize={15}
            height={35}
            radius={38.5}
            title="Follow"
            width={112}
          />
        </div>
      </div>
    </div>
    <div
      className="wrap"
      key="1"
    >
      <div
        className="entity_card"
      >
        <div>
          <img
            alt="Entity"
            className="similarEntityImage"
            src="usaSq.jpg"
          />
        </div>
        <div>
          <p
            className="similarEntityName"
          >
            United States of America
          </p>
        </div>
        <div
          className="PointerWhenOnHover similarIsfollowing"
        >
          <RectangleButton
            bordered={true}
            disabled={false}
            filled={false}
            fontSize={15}
            height={35}
            radius={38.5}
            title="Follow"
            width={112}
          />
        </div>
      </div>
    </div>
    <div
      className="wrap"
      key="2"
    >
      <div
        className="entity_card"
      >
        <div>
          <img
            alt="Entity"
            className="similarEntityImage"
            src="India.png"
          />
        </div>
        <div>
          <p
            className="similarEntityName"
          >
            India
          </p>
        </div>
        <div
          className="PointerWhenOnHover similarIsfollowing"
        >
          <RectangleButton
            bordered={false}
            disabled={false}
            filled={false}
            fontSize={15}
            height={35}
            radius={38.5}
            title="Following"
            width={112}
          />
        </div>
      </div>
    </div>
    <div
      className="wrap"
      key="3"
    >
      <div
        className="entity_card"
      >
        <div>
          <img
            alt="Entity"
            className="similarEntityImage"
            src="usaSq.jpg"
          />
        </div>
        <div>
          <p
            className="similarEntityName"
          >
            United States of America
          </p>
        </div>
        <div
          className="PointerWhenOnHover similarIsfollowing"
        >
          <RectangleButton
            bordered={false}
            disabled={false}
            filled={false}
            fontSize={15}
            height={35}
            radius={38.5}
            title="Following"
            width={112}
          />
        </div>
      </div>
    </div>
    <div
      className="wrap"
      key="4"
    >
      <div
        className="entity_card"
      >
        <div>
          <img
            alt="Entity"
            className="similarEntityImage"
            src="India.png"
          />
        </div>
        <div>
          <p
            className="similarEntityName"
          >
            India
          </p>
        </div>
        <div
          className="PointerWhenOnHover similarIsfollowing"
        >
          <RectangleButton
            bordered={false}
            disabled={false}
            filled={false}
            fontSize={15}
            height={35}
            radius={38.5}
            title="Following"
            width={112}
          />
        </div>
      </div>
    </div>
    <div
      className="wrap"
      key="5"
    >
      <div
        className="entity_card"
      >
        <div>
          <img
            alt="Entity"
            className="similarEntityImage"
            src="Trump.png"
          />
        </div>
        <div>
          <p
            className="similarEntityName"
          >
            Trump
          </p>
        </div>
        <div
          className="PointerWhenOnHover similarIsfollowing"
        >
          <RectangleButton
            bordered={true}
            disabled={false}
            filled={false}
            fontSize={15}
            height={35}
            radius={38.5}
            title="Follow"
            width={112}
          />
        </div>
      </div>
    </div>
    <div
      className="wrap"
      key="6"
    >
      <div
        className="entity_card"
      >
        <div>
          <img
            alt="Entity"
            className="similarEntityImage"
            src="India.png"
          />
        </div>
        <div>
          <p
            className="similarEntityName"
          >
            India
          </p>
        </div>
        <div
          className="PointerWhenOnHover similarIsfollowing"
        >
          <RectangleButton
            bordered={true}
            disabled={false}
            filled={false}
            fontSize={15}
            height={35}
            radius={38.5}
            title="Follow"
            width={112}
          />
        </div>
      </div>
    </div>
    <div
      className="wrap"
      key="7"
    >
      <div
        className="entity_card"
      >
        <div>
          <img
            alt="Entity"
            className="similarEntityImage"
            src="usaSq.jpg"
          />
        </div>
        <div>
          <p
            className="similarEntityName"
          >
            United States of America
          </p>
        </div>
        <div
          className="PointerWhenOnHover similarIsfollowing"
        >
          <RectangleButton
            bordered={true}
            disabled={false}
            filled={false}
            fontSize={15}
            height={35}
            radius={38.5}
            title="Follow"
            width={112}
          />
        </div>
      </div>
    </div>
    <div
      className="wrap"
      key="8"
    >
      <div
        className="entity_card"
      >
        <div>
          <img
            alt="Entity"
            className="similarEntityImage"
            src="India.png"
          />
        </div>
        <div>
          <p
            className="similarEntityName"
          >
            India
          </p>
        </div>
        <div
          className="PointerWhenOnHover similarIsfollowing"
        >
          <RectangleButton
            bordered={false}
            disabled={false}
            filled={false}
            fontSize={15}
            height={35}
            radius={38.5}
            title="Following"
            width={112}
          />
        </div>
      </div>
    </div>
    <div
      className="wrap"
      key="9"
    >
      <div
        className="entity_card"
      >
        <div>
          <img
            alt="Entity"
            className="similarEntityImage"
            src="usaSq.jpg"
          />
        </div>
        <div>
          <p
            className="similarEntityName"
          >
            United States of America
          </p>
        </div>
        <div
          className="PointerWhenOnHover similarIsfollowing"
        >
          <RectangleButton
            bordered={false}
            disabled={false}
            filled={false}
            fontSize={15}
            height={35}
            radius={38.5}
            title="Following"
            width={112}
          />
        </div>
      </div>
    </div>
    <div
      className="wrap"
      key="10"
    >
      <div
        className="entity_card"
      >
        <div>
          <img
            alt="Entity"
            className="similarEntityImage"
            src="India.png"
          />
        </div>
        <div>
          <p
            className="similarEntityName"
          >
            India
          </p>
        </div>
        <div
          className="PointerWhenOnHover similarIsfollowing"
        >
          <RectangleButton
            bordered={false}
            disabled={false}
            filled={false}
            fontSize={15}
            height={35}
            radius={38.5}
            title="Following"
            width={112}
          />
        </div>
      </div>
    </div>
    <div
      className="wrap"
      key="11"
    >
      <div
        className="entity_card"
      >
        <div>
          <img
            alt="Entity"
            className="similarEntityImage"
            src="Trump.png"
          />
        </div>
        <div>
          <p
            className="similarEntityName"
          >
            Trump
          </p>
        </div>
        <div
          className="PointerWhenOnHover similarIsfollowing"
        >
          <RectangleButton
            bordered={true}
            disabled={false}
            filled={false}
            fontSize={15}
            height={35}
            radius={38.5}
            title="Follow"
            width={112}
          />
        </div>
      </div>
    </div>
    <div
      className="ExtraSpace1"
    >
      <div
        className="ExtraSpace2"
      />
    </div>
  </div>
  <div
    className="left_arrow scroll_button"
    onClick={[Function]}
    onKeyUp={[Function]}
    role="button"
    tabIndex="0"
  >
    <i
      className="arrow left"
    />
  </div>
  <div
    className="right_arrow scroll_button"
    onClick={[Function]}
    onKeyDown={[Function]}
    role="button"
    tabIndex="0"
  >
    <i
      className="arrow right"
    />
  </div>
</div>
`;
